123ssadfxc
oohhh

oaaaaaaaaa   bug fix

hhhhh

